[www.mynewshub.tv/2016/04/rosyam-terbit-8-buku-ustaz-kazim-elias/index.html]
[backblue.gif]
[fade.gif]
[index.html]
[www.mynewshub.tv/wp-content/litespeed/css/efdf1b91e38cca544492af0235c03a8bc3b5.css]
[www.mynewshub.tv/wp-content/litespeed/css/b1c550d47db2af837d66b4677772494a5707.css]
[www.mynewshub.tv/wp-content/litespeed/css/c0dc63f88cf2981caa5f554ce8df1cf6d0fd.css]
[www.mynewshub.tv/wp-content/litespeed/css/4f9eb6d8480adb643da673c57e76079303ce.css]
[www.mynewshub.tv/wp-content/litespeed/css/b30ed22190f6a4ac23cc1ad1d07db5741640.css]
[www.mynewshub.tv/wp-content/litespeed/css/3121ff0a8a5c8a180505fab44cb29fb96aa0.css]
[www.mynewshub.tv/wp-content/litespeed/css/d8ade03190a474443bed04b5b1ec8790afb4.css]
[www.mynewshub.tv/wp-content/litespeed/css/9c6ae3cf240142100f06db0cf0cca692404a.css]
[www.mynewshub.tv/wp-content/litespeed/css/71376e1b1a25769415e248740abf2de590eb.css]
[www.mynewshub.tv/wp-content/litespeed/css/c8546a3e30d24fc654a7be656c9327264f27.css]
[www.mynewshub.tv/wp-content/litespeed/css/aa98848e510bb0d5d9dba743aeaf3b19a0eb.css]
[www.mynewshub.tv/wp-content/litespeed/css/20d088d8c8225574e71d31b9b80e8458665c.css]
[www.mynewshub.tv/wp-content/litespeed/css/aed0cfc2a93ca74895bde393c2220d117e18.css]
[www.mynewshub.tv/wp-content/litespeed/css/a5d55d6fe4a2e14e26162bbe9ce7f96427b5.css]
[www.mynewshub.tv/wp-includes/js/jquery/jqueryf43b.js]
[www.mynewshub.tv/wp-content/litespeed/js/f99863d625b42e365d7ef8d4f4102db8681a.js]
[www.mynewshub.tv/wp-content/litespeed/js/1e882e730cdd8d3a7714ac2236370b8d3801.js]
[mynewshub.tv/wp-content/uploads/2021/11/mobile-bg3.jpg]
[www.mynewshub.tv/2016/04/rosyam-terbit-8-buku-ustaz-kazim-elias/feed/index.html]
[mynewshub.tv/wp-content/uploads/2021/11/login-bg.jpg]
[www.mynewshub.tv/wp-content/litespeed/js/3999b40dce56d139bb937c17aa8d50ea37e9.js]
[pagead2.googlesyndication.com/pagead/js/f32ee.txt]
[www.mynewshub.tv/wp-content/litespeed/js/a53c728e4d6b8ada310b8659f34f43c221ac.js]
[www.mynewshub.tv/wp-content/uploads/2023/05/cropped-logo9_20_43510-2.png]
[www.mynewshub.tv/wp-content/litespeed/js/53d1fee8785379a7db6e8ca59548be5b428f.js]
[www.mynewshub.tv/cdn-cgi/scripts/5c5dd728/cloudflare-static/email-decode.min.js]
[www.mynewshub.tv/wp-content/plugins/td-composer/legacy/Newspaper/assets/images/no-thumb/td_696x0.png]
[www.mynewshub.tv/wp-content/litespeed/js/86594a882745a8ee54315a4a500a910ed215.js]
[www.mynewshub.tv/wp-content/uploads/2016/04/2-25.jpg]
[www.mynewshub.tv/wp-content/uploads/2016/04/4-11.jpg]
[www.mynewshub.tv/wp-content/uploads/2016/04/5-10.jpg]
[www.mynewshub.tv/wp-content/uploads/2016/04/6-9.jpg]
[www.mynewshub.tv/wp-content/litespeed/js/c52b171fbae3653307149a5fe035725a7606.js]
[www.mynewshub.tv/wp-content/litespeed/js/29d9d640a47cf5cfe4738805aa900c6acc26.js]
[www.mynewshub.tv/wp-content/litespeed/js/167dd36f04dff2713076e13bcb30e4da98e3.js]
[www.mynewshub.tv/wp-content/litespeed/js/309cab41ea13e4ddb9c30c6d78e9ff4e95bd.js]
[www.mynewshub.tv/wp-content/litespeed/js/defc6afd8c981f6e96afe7a709cca5e4339f.js]
[www.mynewshub.tv/wp-content/litespeed/js/08f2f437cd4baddf6c13c70b4cd10afc503e.js]
[www.mynewshub.tv/wp-content/litespeed/js/6941dfdc639cb544f5167864934f99cd52ad.js]
[www.mynewshub.tv/wp-content/litespeed/js/b17e6c76cdbfd2ccc267309ccea6d42c6a54.js]
[www.mynewshub.tv/wp-content/litespeed/js/b27b6c1e650edc33eee93e151f66a7de0eab.js]
[www.mynewshub.tv/wp-content/litespeed/js/25360b363718f4c008f150838e274161cf91.js]
[www.mynewshub.tv/wp-content/litespeed/js/682ba7ff97971dc1bf56bf6decd99e196b20.js]
[www.mynewshub.tv/wp-content/litespeed/js/78d0910c9858018735c87e4ddab332e3fa83.js]
[www.mynewshub.tv/wp-content/litespeed/js/990abceece65ad9d4d60765edc7d20e6a39c.js]
[www.mynewshub.tv/wp-content/litespeed/js/cd4c106fa8b241d36ea2f6867ddfe7f15ffb.js]
[www.mynewshub.tv/wp-content/litespeed/js/d67d54c06796a48216a51ec912b487ec5649.js]
[www.mynewshub.tv/wp-content/litespeed/js/48df4111c8f8e46e16479e66dd4569a0bddf.js]
[www.mynewshub.tv/wp-content/litespeed/js/c71d0803e86fd2ba900bbfcfe23be6fc5089.js]
[www.mynewshub.tv/wp-content/litespeed/js/f6527cc8f466d89e34b86ff20dc18bcb5c13.js]
[www.mynewshub.tv/wp-content/litespeed/js/e5e6b514cedfa782ea751e0f97d58e4d6b90.js]
[www.mynewshub.tv/wp-content/litespeed/js/1d2834c521ab8cb2845008e01a68d4471d8b.js]
[www.mynewshub.tv/wp-includes/js/jquery/jquery.minf43b.js]
[www.mynewshub.tv/2016/04/rosyam-terbit-8-buku-ustaz-kazim-elias/index.html]
[www.mynewshub.tv/wp-content/litespeed/css/efdf1b91e38cca544492af0235c03a8bc3b5.css]
[www.mynewshub.tv/wp-content/litespeed/css/b1c550d47db2af837d66b4677772494a5707.css]
[www.mynewshub.tv/wp-content/litespeed/css/c0dc63f88cf2981caa5f554ce8df1cf6d0fd.css]
[www.mynewshub.tv/wp-content/litespeed/css/4f9eb6d8480adb643da673c57e76079303ce.css]
[www.mynewshub.tv/wp-content/litespeed/css/b30ed22190f6a4ac23cc1ad1d07db5741640.css]
[www.mynewshub.tv/wp-content/litespeed/css/3121ff0a8a5c8a180505fab44cb29fb96aa0.css]
[www.mynewshub.tv/wp-content/litespeed/css/d8ade03190a474443bed04b5b1ec8790afb4.css]
[www.mynewshub.tv/wp-content/litespeed/css/01abfc750a0c942167651c40d088531d6711.css]
[www.mynewshub.tv/wp-content/litespeed/css/9c6ae3cf240142100f06db0cf0cca692404a.css]
[www.mynewshub.tv/wp-content/litespeed/css/71376e1b1a25769415e248740abf2de590eb.css]
[www.mynewshub.tv/wp-content/litespeed/css/c8546a3e30d24fc654a7be656c9327264f27.css]
[www.mynewshub.tv/wp-content/litespeed/css/aa98848e510bb0d5d9dba743aeaf3b19a0eb.css]
[www.mynewshub.tv/wp-includes/js/jquery/jquery-migrate.minadc6.js]
[www.mynewshub.tv/wp-content/plugins/td-composer/legacy/Newspaper/assets/images/sprite/elements.png]
[www.mynewshub.tv/wp-content/plugins/td-composer/legacy/Newspaper/assets/images/sprite/elements@2x.png]
[www.mynewshub.tv/wp-content/litespeed/css/20d088d8c8225574e71d31b9b80e8458665c.css]
[www.mynewshub.tv/wp-content/plugins/td-standard-pack/Newspaper/assets/css/images/sprite/weather/clear-sky-d.png]
[www.mynewshub.tv/wp-content/plugins/td-standard-pack/Newspaper/assets/css/images/sprite/weather/clear-sky-n.png]
[www.mynewshub.tv/wp-content/plugins/td-standard-pack/Newspaper/assets/css/images/sprite/weather/few-clouds-d.png]
[www.mynewshub.tv/wp-content/plugins/td-standard-pack/Newspaper/assets/css/images/sprite/weather/few-clouds-n.png]
[www.mynewshub.tv/wp-content/plugins/td-standard-pack/Newspaper/assets/css/images/sprite/weather/scattered-clouds-d.png]
[www.mynewshub.tv/wp-content/plugins/td-standard-pack/Newspaper/assets/css/images/sprite/weather/scattered-clouds-n.png]
[www.mynewshub.tv/wp-content/plugins/td-standard-pack/Newspaper/assets/css/images/sprite/weather/broken-clouds-d.png]
[www.mynewshub.tv/wp-content/plugins/td-standard-pack/Newspaper/assets/css/images/sprite/weather/broken-clouds-n.png]
[www.mynewshub.tv/wp-content/plugins/td-standard-pack/Newspaper/assets/css/images/sprite/weather/shower-rain-d.png]
[www.mynewshub.tv/wp-content/plugins/td-standard-pack/Newspaper/assets/css/images/sprite/weather/shower-rain-n.png]
[www.mynewshub.tv/wp-content/plugins/td-standard-pack/Newspaper/assets/css/images/sprite/weather/rain-d.png]
[www.mynewshub.tv/wp-content/plugins/td-standard-pack/Newspaper/assets/css/images/sprite/weather/rain-n.png]
[www.mynewshub.tv/wp-content/plugins/td-standard-pack/Newspaper/assets/css/images/sprite/weather/thunderstorm.png]
[www.mynewshub.tv/wp-content/plugins/td-standard-pack/Newspaper/assets/css/images/sprite/weather/snow-d.png]
[www.mynewshub.tv/wp-content/plugins/td-standard-pack/Newspaper/assets/css/images/sprite/weather/snow-n.png]
[www.mynewshub.tv/wp-content/plugins/td-standard-pack/Newspaper/assets/css/images/sprite/weather/mist.png]
[www.mynewshub.tv/wp-content/litespeed/css/aed0cfc2a93ca74895bde393c2220d117e18.css]
[www.mynewshub.tv/wp-content/litespeed/css/3da9bd189e1373d3a842e9c00bbf5ce06f91.css]
[www.mynewshub.tv/wp-content/litespeed/css/a5d55d6fe4a2e14e26162bbe9ce7f96427b5.css]
[www.mynewshub.tv/wp-content/plugins/td-standard-pack/Newspaper/assets/css/images/sprite/weather/clear-sky-d.html]
[www.mynewshub.tv/wp-content/plugins/td-standard-pack/Newspaper/assets/css/images/sprite/weather/clear-sky-n.html]
[www.mynewshub.tv/wp-content/plugins/td-standard-pack/Newspaper/assets/css/images/sprite/weather/few-clouds-d.html]
[www.mynewshub.tv/wp-content/plugins/td-standard-pack/Newspaper/assets/css/images/sprite/weather/few-clouds-n.html]
[www.mynewshub.tv/wp-content/plugins/td-standard-pack/Newspaper/assets/css/images/sprite/weather/scattered-clouds-d.html]
[www.mynewshub.tv/wp-content/plugins/td-standard-pack/Newspaper/assets/css/images/sprite/weather/scattered-clouds-n.html]
[www.mynewshub.tv/wp-content/plugins/td-standard-pack/Newspaper/assets/css/images/sprite/weather/broken-clouds-d.html]
[www.mynewshub.tv/wp-content/plugins/td-standard-pack/Newspaper/assets/css/images/sprite/weather/broken-clouds-n.html]
[www.mynewshub.tv/wp-content/plugins/td-standard-pack/Newspaper/assets/css/images/sprite/weather/shower-rain-d.html]
[www.mynewshub.tv/wp-content/plugins/td-standard-pack/Newspaper/assets/css/images/sprite/weather/shower-rain-n.html]
[www.mynewshub.tv/wp-content/plugins/td-standard-pack/Newspaper/assets/css/images/sprite/weather/rain-d.html]
[www.mynewshub.tv/wp-content/plugins/td-standard-pack/Newspaper/assets/css/images/sprite/weather/rain-n.html]
[www.mynewshub.tv/wp-content/plugins/td-standard-pack/Newspaper/assets/css/images/sprite/weather/thunderstorm.html]
[www.mynewshub.tv/wp-content/plugins/td-standard-pack/Newspaper/assets/css/images/sprite/weather/snow-d.html]
[www.mynewshub.tv/wp-content/plugins/td-standard-pack/Newspaper/assets/css/images/sprite/weather/snow-n.html]
[www.mynewshub.tv/wp-content/plugins/td-standard-pack/Newspaper/assets/css/images/sprite/weather/mist.html]
