[h5.lazada.com.my/products/karya-bestari-tak-faham-sudah-by-datuk-ustaz-kazim-elias-2023-buku-motivasi-agama-buku-ustaz-kazim-elias-i3466145927.html]
[backblue.gif]
[fade.gif]
[index.html]
[img.lazcdn.com/g/p/a36122fb98c41b9e5138c444d8ab42aa.jpg_720x720q80.jpg]
[lzd-img-global.slatic.net/g/tps/tfs/TB1e_.JhHY1gK0jSZTEXXXDQVXa-64-64.png]
[h5.lazada.com.my/products/android-app_/com.lazada.android/lazada/my/d/index32e1.html]
[g.lazcdn.com/g/lzdfe/pdp-platform/0.1.23/pc.css]
[g.lazcdn.com/g/woodpeckerx/jssdk5ed1]
[g.lazcdn.com/g/lzdfe/pdp-modules/1.5.5/pc-mod.css]
[g.lazcdn.com/g/lzdfe/pdp-platform/0.1.23/pc.js]
[g.lazcdn.com/g/indexeb98.html]
[g.lazcdn.com/g/alilog/mlog/aplus_int.js]
[g.lazcdn.com/g/retcode/cloud-sdk/bl.js]
[g.lazcdn.com/g/lzd/assets/1.1.37/web-vitals/2.1.0/index.js]
[aeis.alicdn.com/sd/ncpc/ncf23b.js]
[g.lazcdn.com/g/psolution/lzd-head-foot/1.0.50/css/main.css]
[g.lazcdn.com/g/index389f.html]
[g.lazcdn.com/g/psolution/lzd-head-foot/1.0.50/css/p_index-index.css]
[g.lazcdn.com/g/indexf3ff.html]
[g.alicdn.com/mtb/lib-mtop/2.7.3/mtop.js]
[g.lazcdn.com/g/lzd/index950c.html]
[g.lazcdn.com/g/lazada-search-fe/lzd-searchbox/0.4.15/index.css]
[g.lazcdn.com/g/lzd/assets/1.2.13/index6a9a.html]
[lzd-img-global.slatic.net/us/domino/989a1dbe9cb739c33bb3c78782b40abe.png]
[g.lazcdn.com/g/lazada-search-fe/lzd-searchbox/0.4.15/index.js]
[laz-img-cdn.alicdn.com/images/ims-web/TB1HKyxaMFY.1VjSZFqXXadbXXa.png]
[laz-img-cdn.alicdn.com/images/ims-web/TB19FLZi8r0gK0jSZFnXXbRRXXa.png]
[icms-image.slatic.net/images/ims-web/11b23c3b-b9f1-4f40-a32f-449a547693e1.png]
[icms-image.slatic.net/images/ims-web/4d5a3c8e-17d2-46e7-98ef-4ae7ac1ebeca.png]
[icms-image.slatic.net/images/ims-web/f0584e92-c28f-4b28-8d0e-78a8306a1537.png]
[icms-image.slatic.net/images/ims-web/0ef3bcf4-2f93-4d0e-9825-f34c86865b70.png]
[g.lazcdn.com/g/lzdfe/pdp-modules/1.5.5/pc-mod.js]
[g.lazcdn.com/g/lzd/assets/0.0.5/next/0.19.21/next.min.js]
[g.lazcdn.com/g/code/npm/@ali/multimod-lzd-trade__cart/1.0.89/lib-cart/index.umd.es5.production.js]
[g.lazcdn.com/g/code/npm/@ali/multimod-lzd-member__signup-login-pop/0.0.20/lib-signuppop/index.umd.es5.production.js]
[img.lazcdn.com/g/p/a36122fb98c41b9e5138c444d8ab42aa.jpg_120x120q80.jpg]
[img.lazcdn.com/g/p/3d90f759f0001d7cd074f2f4dc0ea4ca.jpg_120x120q80.jpg]
[img.lazcdn.com/g/p/543c1c49148a35f488a34b6439c73216.jpg_120x120q80.jpg]
[img.lazcdn.com/g/p/990fedeb5475a262b8e46f2fceded0ed.jpg_120x120q80.jpg]
[img.lazcdn.com/g/p/d2dd367120060766c782b67cef646250.jpg_120x120q80.jpg]
[img.lazcdn.com/g/p/a696b3c10ddc7f344975a44efefa2059.jpg_120x120q80.jpg]
[img.lazcdn.com/g/p/4b0c97d1c5e5b244b896f4766f28371f.jpg_120x120q80.jpg]
[img.lazcdn.com/g/p/b10a0153d9dcf8603f775a516f39e7aa.jpg_120x120q80.jpg]
[img.lazcdn.com/g/tps/tfs/TB16hROVgHqK1RjSZFPXXcwapXa-205-150.png]
[img.lazcdn.com/g/tps/tfs/TB1SBLEVCzqK1RjSZFpXXakSXXa-106-78.png]
[img.lazcdn.com/g/tps/tfs/TB1pDYroCf2gK0jSZFPXXXsopXa-118-86.png]
[img.lazcdn.com/g/tps/tfs/TB1RZTroAL0gK0jSZFAXXcA9pXa-106-78.png]
[img.lazcdn.com/g/tps/tfs/TB1bW_qoET1gK0jSZFrXXcNCXXa-106-78.png]
[img.lazcdn.com/g/tps/tfs/TB18efpopY7gK0jSZKzXXaikpXa-106-78.png]
[img.lazcdn.com/g/tps/imgextra/i2/O1CN01Fm5tec294SnQFHDZi_!!6000000008014-2-tps-106-78.png]
[img.lazcdn.com/g/tps/imgextra/i3/O1CN01LKPOft2AGexbcMOG5_!!6000000008176-2-tps-106-78.png]
[img.lazcdn.com/g/tps/imgextra/i3/O1CN01RNizk522j2cPtaRjc_!!6000000007155-2-tps-96-70.png]
[img.lazcdn.com/g/tps/imgextra/i1/O1CN01CqmxWx1Sp9k0DVqvC_!!6000000002295-2-tps-96-70.png]
[img.lazcdn.com/g/tps/imgextra/i4/O1CN01sRsVhE1psZrJDc36H_!!6000000005416-2-tps-96-70.png]
[img.lazcdn.com/g/tps/imgextra/i1/O1CN01aKuMAS24TaWhhz34m_!!6000000007392-2-tps-106-78.png]
[img.lazcdn.com/g/tps/imgextra/i1/O1CN01ApuCJV1hiwbRVllYl_!!6000000004312-2-tps-96-70.png]
[img.lazcdn.com/g/tps/imgextra/i2/O1CN01RSgbBX1i1GRlWRAnl_!!6000000004352-2-tps-96-70.png]
[img.lazcdn.com/g/tps/imgextra/i2/O1CN01ipPav31yJcAYBKkpF_!!6000000006558-2-tps-96-70.png]
[img.lazcdn.com/g/tps/imgextra/i2/O1CN01XCqTdE1rNYMxTikjs_!!6000000005619-2-tps-96-70.png]
[img.lazcdn.com/g/tps/imgextra/i3/O1CN01FtM6vB1TWfTU8V6jQ_!!6000000002390-0-tps-96-70.jpg]
[img.lazcdn.com/g/tps/imgextra/i4/O1CN01bvSldX1gkULXWGauo_!!6000000004180-2-tps-1190-1683.png]
[img.lazcdn.com/g/tps/tfs/TB1lbmoqYr1gK0jSZR0XXbP8XXa-340-200.png]
[img.lazcdn.com/g/tps/imgextra/i3/O1CN01dinKMe26jjo1yfe9j_!!6000000007698-0-tps-2480-3509.jpg]
[img.lazcdn.com/g/tps/tfs/TB1jyJMv.H1gK0jSZSyXXXtlpXa-184-120.png]
[img.lazcdn.com/g/tps/imgextra/i3/O1CN01Wdetn224xMIRNihao_!!6000000007457-2-tps-34-34.png]
[img.lazcdn.com/g/tps/imgextra/i4/O1CN01zt1zOu1zsFnzoIWje_!!6000000006769-2-tps-34-34.png]
[img.lazcdn.com/g/tps/imgextra/i4/O1CN011gka8L1E0PIZlHK7e_!!6000000000289-2-tps-34-34.png]
[img.lazcdn.com/g/tps/imgextra/i3/O1CN01bSHOIg1O2N9lO20XK_!!6000000001647-2-tps-34-34.png]
[img.lazcdn.com/g/tps/imgextra/i4/O1CN0193C9ay1QIykTmUlwk_!!6000000001954-2-tps-34-34.png]
[g.lazcdn.com/g/lzdmod/im/5.0.103/index.css]
[g.lazcdn.com/g/indexc416.html]
[g.lazcdn.com/res-o/lzd_sec/LWSC/index.js]
[g.lazcdn.com/g/psolution/lzd-head-foot/1.0.50/js/545.js]
[g.lazcdn.com/g/psolution/lzd-head-foot/1.0.50/js/cde6690e.js]
[g.lazcdn.com/g/psolution/lzd-head-foot/1.0.50/js/696.js]
[g.lazcdn.com/g/psolution/lzd-head-foot/1.0.50/js/633.js]
[g.lazcdn.com/g/psolution/lzd-head-foot/1.0.50/js/p_index-index.js]
[g.lazcdn.com/g/psolution/lzd-head-foot/1.0.50/js/p_index-utils-mockcategorytreedata.js]
[g.lazcdn.com/g/psolution/lzd-head-foot/1.0.50/js/26.js]
[g.lazcdn.com/g/psolution/lzd-head-foot/1.0.50/js/main.js]
[h5.lazada.com.my/products/sw.js]
[g.lazcdn.com/g/psolution/lzd-head-foot/1.0.50/js/framework.js]
[g.lazcdn.com/g/lzdmod/im/5.0.103/index.js]
[g.lazcdn.com/g/lzd/assets/1.2.10/web-vitals/3.4.0/index.js]
[h5.lazada.com.my/products/karya-bestari-tak-faham-sudah-by-datuk-ustaz-kazim-elias-2023-buku-motivasi-agama-buku-ustaz-kazim-elias-i3466145927.html]
[h5.lazada.com.my/products/android-app_/com.lazada.android/lazada/my/d/index32e1.html]
[g.lazcdn.com/g/lzdfe/pdp-platform/0.1.23/pc.css]
[img.lazcdn.com/g/tps/tfs/TB1zlivfRTH8KJjy0FiXXcRsXXa-200-200.gif]
[g.lazcdn.com/g/lzdfe/pdp-modules/1.5.5/pc-mod.css]
[g.lazcdn.com/g/index389f.html]
[g.lazcdn.com/g/psolution/lzd-head-foot/1.0.50/css/main.css]
[g.lazcdn.com/g/psolution/lzd-head-foot/1.0.50/css/p_index-index.css]
[lzd-img-global.slatic.net/g/tps/imgextra/i4/O1CN01cwHWrW1dwuHpJheqe_!!6000000003801-2-tps-72-72.png]
[g.lazcdn.com/g/lazada-search-fe/lzd-searchbox/0.4.15/index.css]
[img.alicdn.com/imgextra/i3/O1CN01IJ8duU1SJ5y0cMoVM_!!6000000002225-2-tps-401-116.png]
[g.lazcdn.com/g/lzdmod/im/5.0.103/index.css]
