[www.malaysiakini.com/news/642047.html]
[static01.malaysiakini.com/desktop/img/apple-touch-icon-76x76.png]
[www.malaysiakini.com/apple-icon-57x57.png]
[www.malaysiakini.com/apple-icon-60x60.png]
[www.malaysiakini.com/apple-icon-72x72.png]
[www.malaysiakini.com/apple-icon-76x76.png]
[www.malaysiakini.com/apple-icon-114x114.png]
[www.malaysiakini.com/apple-icon-120x120.png]
[www.malaysiakini.com/apple-icon-144x144.png]
[www.malaysiakini.com/apple-icon-152x152.png]
[www.malaysiakini.com/apple-icon-180x180.png]
[www.malaysiakini.com/android-icon-192x192.png]
[www.malaysiakini.com/favicon-32x32.png]
[www.malaysiakini.com/favicon-96x96.png]
[www.malaysiakini.com/favicon-16x16.png]
[www.malaysiakini.com/ms-icon-144x144.png]
[backblue.gif]
[fade.gif]
[index.html]
[pagead2.googlesyndication.com/pagead/js/fa5e5.txt]
[www.malaysiakini.com/_next/static/css/71fd7b6f057e7eac.css]
[www.malaysiakini.com/_next/static/chunks/polyfills-c67a75d1b6f99dc8.js]
[www.malaysiakini.com/_next/static/chunks/1bfc9850-c519ce3bd363f1a4.js]
[www.malaysiakini.com/_next/static/chunks/ae51ba48.7a7126945a95c085.js]
[www.malaysiakini.com/_next/static/chunks/5675-578f347cc73d6185.js]
[www.malaysiakini.com/_next/static/chunks/7804-3de55f1a16eb830f.js]
[www.malaysiakini.com/_next/static/chunks/4608-3e21ddba0dacdb94.js]
[www.malaysiakini.com/_next/static/chunks/6778-21141a62e71c341b.js]
[www.malaysiakini.com/_next/static/chunks/5579.ab6dc2b9b98d66f1.js]
[www.malaysiakini.com/_next/static/chunks/9562.c98ea02ce6aec84d.js]
[www.malaysiakini.com/_next/static/chunks/9139.eabd3ae9f3418faa.js]
[www.malaysiakini.com/_next/static/chunks/31664189-2a84294e557bcf2c.js]
[www.malaysiakini.com/_next/static/chunks/78e521c3-2d81a7c4fc4abb97.js]
[www.malaysiakini.com/_next/static/chunks/1a48c3c1-a9c1eccb5537cb3e.js]
[www.malaysiakini.com/_next/static/chunks/d64684d8-d2b3d69e1ff69ffc.js]
[www.malaysiakini.com/_next/static/chunks/9853-c1a00d934840a6de.js]
[www.malaysiakini.com/_next/static/chunks/8346-b1827d595056a816.js]
[www.malaysiakini.com/_next/static/chunks/4653-a2d8304d41b47c12.js]
[www.malaysiakini.com/_next/static/chunks/694.528a3cdf54828516.js]
[www.malaysiakini.com/_next/static/chunks/6782-75e7ebe1c4330eea.js]
[www.malaysiakini.com/_next/static/chunks/6456-b3f38027419c30b5.js]
[www.malaysiakini.com/_next/static/chunks/4125-e24dbcbaa04d77e5.js]
[www.malaysiakini.com/_next/static/chunks/8548-0bfd7b63b6e3f370.js]
[www.malaysiakini.com/_next/static/chunks/5690.a63ed5e92f674d7e.js]
[www.malaysiakini.com/_next/static/chunks/1321.294a57153c36050f.js]
[www.malaysiakini.com/_next/static/chunks/webpack-e78d126bc28d0c9b.js]
[www.malaysiakini.com/_next/static/chunks/framework-a070cbfff3c750c5.js]
[www.malaysiakini.com/_next/static/chunks/main-f3f500ef76d52bd3.js]
[www.malaysiakini.com/_next/static/chunks/pages/_app-559c95a106394b22.js]
[www.malaysiakini.com/_next/static/chunks/1228-d946596db1f52e28.js]
[www.malaysiakini.com/_next/static/chunks/pages/[lang]/[sid]-cbb4c63270fe847a.js]
[www.malaysiakini.com/_next/static/IxGQ1WipT-iWiNfu1r3LL/_buildManifest.js]
[www.malaysiakini.com/_next/static/IxGQ1WipT-iWiNfu1r3LL/_ssgManifest.js]
[static01.newscdn.net/desktop/img/mk-small-logo-50.png]
[www.malaysiakini.com/news/642047.html]
[www.malaysiakini.com/_next/static/css/71fd7b6f057e7eac.css]
[www.malaysiakini.com/cdn-cgi/scripts/5c5dd728/cloudflare-static/email-decode.min.js]
