[www.hmetro.com.my/mutakhir/2022/11/898563/pru-15-ustaz-kazim-bertanding-di-parlimen-larut.html]
[www.googleoptimize.com/optimize88df.js]
[assets.hmetro.com.my/assets/css/libraries13e7.css]
[assets.hmetro.com.my/assets/css/desktop/app21ea.css]
[backblue.gif]
[fade.gif]
[index.html]
[assets.hmetro.com.my/assets/favicons/apple-icon-57x577cb3.png]
[assets.hmetro.com.my/assets/favicons/apple-icon-60x60f74d.png]
[assets.hmetro.com.my/assets/favicons/apple-icon-72x72cfb9.png]
[assets.hmetro.com.my/assets/favicons/apple-icon-76x76ecf4.png]
[assets.hmetro.com.my/assets/favicons/apple-icon-114x114f62b.png]
[assets.hmetro.com.my/assets/favicons/apple-icon-120x12016bf.png]
[assets.hmetro.com.my/assets/favicons/apple-icon-144x144e587.png]
[assets.hmetro.com.my/assets/favicons/apple-icon-152x152977f.png]
[assets.hmetro.com.my/assets/favicons/apple-icon-180x1807620.png]
[assets.hmetro.com.my/assets/favicons/android-icon-192x1925990.png]
[assets.hmetro.com.my/assets/favicons/favicon-32x320e2d.png]
[assets.hmetro.com.my/assets/favicons/favicon-96x96abff.png]
[assets.hmetro.com.my/assets/favicons/favicon-16x16edb8.png]
[pagead2.googlesyndication.com/pagead/js/f3bb0.txt]
[assets.hmetro.com.my/assets/js/desktop/app75ad.js]
[securepubads.g.doubleclick.net/tag/js/f.txt]
[ad.mediaprimaplus.com.my/revac.min.js]
[connect.facebook.net/en_US/fbevents.js]
[cdn.taboola.com/libtrc/revmediagroup-harianmetro/loader.js]
[tags.crwdcntrl.net/lt/c/7271/lt.min.js]
[assets.hmetro.com.my/assets/logo1ae37.png]
[assets.hmetro.com.my/assets/audio_plus_masterd8f5.png]
[assets.hmetro.com.my/assets/hotfm_red9c47.png]
[assets.hmetro.com.my/assets/buletinfm_master7717.png]
[assets.hmetro.com.my/assets/logo_eightfm_master-012bc4.png]
[assets.hmetro.com.my/assets/flyfm_master728b.png]
[assets.hmetro.com.my/assets/molekfm_masterc8f8.png]
[platform-api.sharethis.com/js/sharethis.js]
[www.hmetro.com.my/mutakhir/2022/11/898563/pru-15-ustaz-kazim-bertanding-di-parlimen-larut.html]
[assets.hmetro.com.my/assets/css/fonts/icofont.woff2]
[www.hmetro.com.my/cdn-cgi/scripts/7d0fa10a/cloudflare-static/rocket-loader.min.js]
[assets.hmetro.com.my/assets/css/libraries13e7.css]
[assets.hmetro.com.my/assets/css/desktop/app21ea.css]
[www.googletagmanager.com/gtm5445.html]
[www.hmetro.com.my/signals/iwl.js]
[connect.facebook.net/en_US/fbevents.js]
[assets.hmetro.com.my/assets/css/fonts/icofont.woff]
[www.hmetro.com.my/mutakhir/2022/11/898563/schema.org/index.html]
[www.hmetro.com.my/signals/iwl.html]
[www.hmetro.com.my/mutakhir/2022/11/898563/https/www.googletagservices.html]
[www.hmetro.com.my/mutakhir/2022/11/898563/https/www.googletagmanager.html]
