[malay.wiki/content/Mohammad Kazim Elias/Latar belakang.html]
[backblue.gif]
[fade.gif]
[index.html]
[malay.wiki/apple-touch-icon.png]
[malay.wiki/favicon-32x32.png]
[malay.wiki/favicon-16x16.png]
[pagead2.googlesyndication.com/pagead/js/f.txt]
[malay.wiki/content/Mohammad Kazim Elias/Laman_Utama.html]
[malay.wiki/content/Mohammad Kazim Elias/Filemografi.html]
[malay.wiki/content/Mohammad Kazim Elias/Anugerah.html]
[malay.wiki/content/Mohammad Kazim Elias/Pautan luar.html]
[malay.wiki/content/Mohammad Kazim Elias/Kerjaya.html]
[malay.wiki/content/Mohammad Kazim Elias/Rujukan.html]
[malay.wiki/content/Mohammad Kazim Elias/Pendidikan.html]
[malay.wiki/content/Mohammad Kazim Elias/Pusat Pendidikan Al Barakah.html]
[malay.wiki/content/Mohammad Kazim Elias/Videografi.html]
[malay.wiki/content/Mohammad Kazim Elias/Bibliografi.html]
[affbanners.oss-ap-southeast-1.aliyuncs.com/Shopee-PH.jpg]
[malay.wiki/css/buefy.min.css]
[malay.wiki/css/materialdesignicons.min.css]
[malay.wiki/js/jquery.min.js]
[malay.wiki/js/vue.min.js]
[malay.wiki/js/buefy.min.js]
[www.gstatic.com/firebasejs/8.3.1/firebase-app.js]
[www.gstatic.com/firebasejs/8.3.1/firebase-remote-config.js]
[www.gstatic.com/firebasejs/8.3.1/firebase-messaging.js]
[www.gstatic.com/firebasejs/8.3.1/firebase-analytics.js]
[malay.wiki/content/Mohammad Kazim Elias/Latar belakang.html]
[malay.wiki/apple-touch-icon.html]
[malay.wiki/favicon-32x32.html]
[malay.wiki/favicon-16x16.html]
[upload.wikimedia.org/wikipedia/commons/thumb/7/75/Ustaz_Kazim_Elias_(8554304872).jpg/450px-Ustaz_Kazim_Elias_(8554304872).jpg]
[malay.wiki/content/Mohammad Kazim Elias/Laman_Utama.html]
[malay.wiki/content/Mohammad Kazim Elias/Filemografi.html]
[malay.wiki/content/Mohammad Kazim Elias/Anugerah.html]
[malay.wiki/content/Mohammad Kazim Elias/Pautan luar.html]
[malay.wiki/content/Mohammad Kazim Elias/Kerjaya.html]
[malay.wiki/content/Mohammad Kazim Elias/Rujukan.html]
[malay.wiki/content/Mohammad Kazim Elias/Pendidikan.html]
[malay.wiki/content/Mohammad Kazim Elias/Pusat Pendidikan Al Barakah.html]
[malay.wiki/content/Mohammad Kazim Elias/Videografi.html]
[malay.wiki/content/Fail_Buku_Doa_Penawar.jpg]
[malay.wiki/content/Mohammad Kazim Elias/Bibliografi.html]
[malay.wiki/css/buefy.min.css]
[malay.wiki/css/materialdesignicons.min.css]
