[www.mstar.com.my/lokal/semasa/2022/11/06/ustaz-kazim-tarik-diri-kerana-tak-mahu-lawan-abang-sendiri-akui-tak-terlibat-dengan-mana-mana-parti-politik.html]
[backblue.gif]
[fade.gif]
[index.html]
[clips.mstar.com.my/themes/img/favicon32x32.png]
[clips.mstar.com.my/themes/img/PWA/iOS/touch-icon-iphone.png]
[clips.mstar.com.my/themes/img/PWA/iOS/touch-icon-ipad.png]
[clips.mstar.com.my/themes/img/PWA/iOS/touch-icon-iphone-retina.png]
[clips.mstar.com.my/themes/img/PWA/iOS/touch-icon-ipad-retina.png]
[clips.mstar.com.my/themes/img/PWA/iOS/portrait/1125x2436.png]
[clips.mstar.com.my/themes/img/PWA/iOS/portrait/750x1334.png]
[clips.mstar.com.my/themes/img/PWA/iOS/portrait/1242x2208.png]
[clips.mstar.com.my/themes/img/PWA/iOS/portrait/640x1136.png]
[clips.mstar.com.my/themes/img/PWA/iOS/portrait/1536x2048.png]
[clips.mstar.com.my/themes/img/PWA/iOS/portrait/1668x2224.png]
[clips.mstar.com.my/themes/img/PWA/iOS/portrait/2048x2732.png]
[clips.mstar.com.my/themes/img/PWA/iOS/landscape/2436x1125.png]
[clips.mstar.com.my/themes/img/PWA/iOS/landscape/1334x750.png]
[clips.mstar.com.my/themes/img/PWA/iOS/landscape/2208x1242.png]
[clips.mstar.com.my/themes/img/PWA/iOS/landscape/1136x640.png]
[clips.mstar.com.my/themes/img/PWA/iOS/landscape/2048x1536.png]
[clips.mstar.com.my/themes/img/PWA/iOS/landscape/2224x1668.png]
[clips.mstar.com.my/themes/img/PWA/iOS/landscape/2732x2048.png]
[clips.mstar.com.my/themes/css/bootstrap.min.css]
[clips.mstar.com.my/themes/css/mstar2022.min.css]
[clips.mstar.com.my/themes/css/queries.min.css]
[clips.mstar.com.my/themes/css/sas.min.css]
[code.jquery.com/jquery-3.7.0.min.js]
[clips.mstar.com.my/themes/js/slick.min.js]
[api.vodus.com/cc/scripts/vodusec92.js]
[clips.mstar.com.my/themes/css/story.min.css]
[clips.mstar.com.my/themes/js/storyinlinead.min.js]
[platform-api.sharethis.com/js/sharethis.js]
[cdn.thestar.com.my/Themes/js/lazysizes.min.js]
[clips.mstar.com.my/themes/css/print2020.min.css]
[clips.mstar.com.my/themes/css/surveybox.min.css]
[clips.mstar.com.my/themes/js/surveybox.min.js]
[static.xx.fbcdn.net/rsrc.php/v3/yq/r/IE9JII6Z1Ys.png]
[clips.mstar.com.my/themes/img/1.jpg]
[clips.mstar.com.my/themes/img/logo.png]
[clips.mstar.com.my/themes/img/logo-res.png]
[clips.mstar.com.my/themes/img/mstarloading1.jpg]
[www.instagram.com/embed.js]
[platform.twitter.com/widgets.js]
[sdk.apester.com/web-sdk.core.legacy.min.js]
[www.mstar.com.my/image/830/553c725.jpg]
[apicms.mstar.com.my/uploads/images/2022/11/06/1807078.jpg]
[www.goemotify.com/api/2.0/reactions.2ec461.delayed]
[www.goemotify.com/api/2.0/comments_widgetc461.js]
[www.mstar.com.my/lokal/semasa/2022/11/06/v-empat-individu-dalam-myvi-2-penunggang-motor-cedera-dihempap-pokok-metmalaysia-keluar-amaran-ribut-petir.html]
[cdnjs.cloudflare.com/ajax/libs/jquery.touchswipe/1.6.19/jquery.touchSwipe.min.js]
[tag.adbro.me/tags/ptag.js]
[tag.adbro.me/configs/h7vrktk6.js]
[widgets.outbrain.com/outbrain.js]
[clips.mstar.com.my/themes/css/subscribe_box2022.min.css]
[cdn.thestar.com.my/Themes/img/times-solid.png]
[clips.mstar.com.my/components/survey/img/SMG-logo.jpg]
[www.mstar.com.my/lokal/semasa/2022/11/06/images/mstar-logo-small.png]
[clips.mstar.com.my/themes/fontawesome-free-6.4.2-web/css/all.min.css]
[clips.mstar.com.my/themes/css/slick-theme.min.css]
[clips.mstar.com.my/themes/css/slickslider.min.css]
[clips.mstar.com.my/themes/js/bootstrap.bundle.min.js]
[cdnjs.cloudflare.com/ajax/libs/postscribe/2.0.8/postscribe.min.js]
[clips.mstar.com.my/themes/js/lazysizes.min.js]
[clips.mstar.com.my/themes/js/dotdotdot.min.js]
[clips.mstar.com.my/themes/js/jquery.sticky-kit.min.js]
[clips.mstar.com.my/themes/js/mstar2020.min.js]
[clips.thestar.com.my/mStar/js/adinterest.js]
[www.queryly.com/js/queryly.v4.js]
[www.mstar.com.my/lokal/semasa/2022/11/06/ustaz-kazim-tarik-diri-kerana-tak-mahu-lawan-abang-sendiri-akui-tak-terlibat-dengan-mana-mana-parti-politik.html]
[clips.mstar.com.my/themes/css/bootstrap.min.css]
[clips.mstar.com.my/themes/css/mstar2022.min.css]
[cdn.thestar.com.my/GlobalBar/global-bar.min.js]
[clips.mstar.com.my/themes/img/gotop.png]
[clips.mstar.com.my/themes/css/queries.min.css]
[clips.mstar.com.my/themes/css/sas.min.css]
[www.googletagmanager.com/gtm5445.html]
[clips.mstar.com.my/themes/css/story.min.css]
[clips.mstar.com.my/themes/css/print2020.min.css]
[clips.mstar.com.my/themes/css/surveybox.min.css]
[www.instagram.com/embed.js]
[www.goemotify.com/api/2.0/comments_widgetc461.js]
[www.mstar.com.my/image/830/5539fb0.jpg]
[apicms.mstar.com.my/uploads/images/2022/11/06/1807445.jpg]
[www.mstar.com.my/lokal/semasa/2022/11/06/v-empat-individu-dalam-myvi-2-penunggang-motor-cedera-dihempap-pokok-metmalaysia-keluar-amaran-ribut-petir.html]
[widgets.outbrain.com/widgetMonitor/monitor49de.html]
[widgets.outbrain.com/widgetMonitor/monitor840e.html]
[www.mstar.com.my/lokal/semasa/2022/11/06/d]
[widgets.outbrain.com/outbrain.js]
[clips.mstar.com.my/themes/css/subscribe_box2022.min.css]
[www.mstar.com.my/lokal/semasa/2022/11/06/images/mstar-logo-small.html]
[www.mstar.com.my/lokal/semasa/2022/11/06/OPR]
[www.mstar.com.my/lokal/semasa/2022/11/06/OPR/index.html]
[clips.mstar.com.my/themes/fontawesome-free-6.4.2-web/css/all.min.css]
[clips.mstar.com.my/themes/css/ajax-loader.gif]
[clips.mstar.com.my/themes/css/slick-theme.min.css]
[clips.mstar.com.my/themes/css/slickslider.min.css]
[clips.thestar.com.my/mStar/js/adinterest.js]
[www.mstar.com.my/lokal/semasa/2022/11/06/chrome-extension_]
[www.mstar.com.my/lokal/semasa/2022/11/06/chrome-extension_/index.html]
[www.mstar.com.my/lokal/semasa/2022/11/06/$1.4f.delayed]
[www.mstar.com.my/lokal/semasa/2022/11/06/$1/index.html]
[www.mstar.com.my/lokal/semasa/2022/11/06/embed]
[www.mstar.com.my/lokal/semasa/2022/11/06/embed/index.html]
[www.mstar.com.my/lokal/semasa/2022/11/06/captioned.51.delayed]
[www.mstar.com.my/lokal/semasa/2022/11/06/captioned/index.html]
[www.goemotify.com/api/2.0/comments_widgetc461.js]
[widgets.outbrain.com/images/pixels/1x1.jpg]
[widgets.outbrain.com/widgetMonitor/monitor49de.html]
[widgets.outbrain.com/widgetMonitor/monitor840e.html]
[www.mstar.com.my/lokal/semasa/2022/11/06/d.html]
[client.px-cloud.net/PX7C4UXGxx/main.min.js]
[www.mstar.com.my/lokal/semasa/2022/11/06/OPR.html]
[www.mstar.com.my/lokal/semasa/2022/11/06/chrome-extension_.html]
[www.mstar.com.my/lokal/semasa/2022/11/06/$1.html]
[www.mstar.com.my/lokal/semasa/2022/11/06/embed.html]
[www.mstar.com.my/lokal/semasa/2022/11/06/captioned.html]
[www.goemotify.com/api/2.0/reactionsc461.js]
[www.goemotify.com/api/2.0/comments_widgetc461.js]
