[www.smobookstores.com/products/-karya-bestari-tuhan-sedang-menguji-kita-edisi-kemaskini-best-seller-ustaz-kazim-elias.html]
[cdn.store-assets.com/s/703755/f/12108076.png]
[backblue.gif]
[fade.gif]
[index.html]
[cdn.store-assets.com/s/703755/i/4610012882a2.png]
[cdn.store-assets.com/s/703755/i/4610022882a2.jpg]
[cdn.store-assets.com/s/703755/i/4610198282a2.jpg]
[ajax.googleapis.com/ajax/libs/jquery/1.11.0/jquery.min.js]
[www.smobookstores.com/assets/events.js]
[www.smobookstores.com/assets/traffic3860.js]
[apps.easystore.co/marketplace/shopee-malaysia/script77ad.js]
[store-themes.easystore.co/703755/themes/310721/assets/global74a7.js]
[www.google-analytics.com/analytics.js]
[www.smobookstores.com/assets/storefront0157.js]
[store-themes.easystore.co/703755/themes/310721/assets/base74a7.css]
[www.smobookstores.com/products/SFTracker.set]
[ajax.googleapis.com/ajax/libs/jquery/1.11.2/jquery.min.js]
[store-themes.easystore.co/703755/themes/310721/assets/component-menu-drawer74a7.css]
[store-themes.easystore.co/703755/themes/310721/assets/component-cart-notificationf445.css]
[store-themes.easystore.co/703755/themes/310721/assets/cart-notification74a7.js]
[store-themes.easystore.co/703755/themes/310721/assets/details-modal74a7.js]
[cdn.store-assets.com/s/703755/f/12108081.png]
[store-themes.easystore.co/703755/themes/310721/assets/section-main-product74a7.css]
[store-themes.easystore.co/703755/themes/310721/assets/component-price74a7.css]
[store-themes.easystore.co/703755/themes/310721/assets/component-slider74a7.css]
[store-themes.easystore.co/703755/themes/310721/assets/product-form74a7.js]
[cdn.store-assets.com/s/703755/i/46100128cbab.png]
[cdn.store-assets.com/s/703755/i/46100228cbab.jpg]
[cdn.store-assets.com/s/703755/i/46101982cbab.jpg]
[cdn.store-assets.com/s/703755/i/46102012cbab.jpg]
[cdn.store-assets.com/s/943101/f/8656465.png]
[cdn.store-assets.com/s/943101/f/8656462.png]
[store-themes.easystore.co/703755/themes/310721/assets/share74a7.js]
[www.smobookstores.com/assets/css/promotion61dd.css]
[www.smobookstores.com/assets/js/promotion/promotion28a5.js]
[www.smobookstores.com/assets/css/froala_style.min.css]
[store-themes.easystore.co/703755/themes/310721/assets/section-footer74a7.css]
[apps.easystore.co/product-labels/productlabelv277ad.js]
[www.smobookstores.com/products/-karya-bestari-tuhan-sedang-menguji-kita-edisi-kemaskini-best-seller-ustaz-kazim-elias.html]
[store-themes.easystore.co/703755/themes/310721/assets/base74a7.css]
[apps.easystore.co/assets/css/marketplace/mainced1.css]
[www.smobookstores.com/products/SFTracker.html]
[store-themes.easystore.co/703755/themes/310721/assets/section-header74a7.css]
[store-themes.easystore.co/703755/themes/310721/assets/component-list-menu74a7.css]
[store-themes.easystore.co/703755/themes/310721/assets/component-menu-drawer74a7.css]
[store-themes.easystore.co/703755/themes/310721/assets/component-cart-notificationf445.css]
[store-themes.easystore.co/703755/themes/310721/assets/section-main-product74a7.css]
[store-themes.easystore.co/703755/themes/310721/assets/component-price74a7.css]
[store-themes.easystore.co/703755/themes/310721/assets/component-slider74a7.css]
[www.smobookstores.com/assets/css/promotion61dd.css]
[www.smobookstores.com/assets/css/froala_style.min.css]
[store-themes.easystore.co/703755/themes/310721/assets/section-footer74a7.css]
[apps.easystore.co/assets/css/product-label/main3cbf.css]
